// Jest Snapshot v1, https://goo.gl/fbAQLP

exports[`renders group assign correctly 1`] = `
<div>
  GA
</div>
`;
