// Jest Snapshot v1, https://goo.gl/fbAQLP

exports[`renders class edit form 1`] = `
<div
  class="ccmt-cff-Page-FormPage"
>
  <form
    autocomplete="false"
    class="rjsf"
  >
    <div
      class="form-group field field-array"
    >
      <fieldset
        class="field field-array field-array-of-object"
      >
        <h2
          class="ccmt-cff-form-title"
        >
          Edit Classes
        </h2>
        <div
          class="array-item-list"
        >
          <div
            class="row"
          >
            <div
              class="col-12 ccmt-cff-array-item-container"
            >
              <div
                class="form-group field field-object"
              >
                <div
                  class="container-fluid"
                >
                  <span />
                  <div />
                  <div
                    class="row"
                  >
                    <div
                      class="form-group field field-string"
                    >
                      <label
                        class="control-label"
                        for="root_0_name"
                      >
                        name
                      </label>
                      <input
                        class="form-control"
                        id="root_0_name"
                        label="name"
                        placeholder=""
                        type="text"
                        value=""
                      />
                    </div>
                    <div
                      class="form-group field field-string"
                    >
                      <label
                        class="control-label"
                        for="root_0_room"
                      >
                        room
                      </label>
                      <input
                        class="form-control"
                        id="root_0_room"
                        label="room"
                        placeholder=""
                        type="text"
                        value=""
                      />
                    </div>
                    <div
                      class="form-group field field-string"
                    >
                      <label
                        class="control-label"
                        for="root_0_grade"
                      >
                        grade
                      </label>
                      <input
                        class="form-control"
                        id="root_0_grade"
                        label="grade"
                        placeholder=""
                        type="text"
                        value=""
                      />
                    </div>
                    <div
                      class="form-group field field-string"
                    >
                      <label
                        class="control-label"
                        for="root_0_teacher"
                      >
                        teacher
                      </label>
                      <input
                        class="form-control"
                        id="root_0_teacher"
                        label="teacher"
                        placeholder=""
                        type="text"
                        value=""
                      />
                    </div>
                  </div>
                </div>
              </div>
            </div>
          </div>
          <button
            class="btn btn-info col-12 mt-4 ccmt-cff-btn-array-add"
            type="button"
          >
            <small>
              <span
                class="oi oi-plus"
              />
            </small>
               Add
          </button>
        </div>
      </fieldset>
    </div>
    <p>
      <button
        class="btn btn-info"
        type="submit"
      >
        Submit
      </button>
    </p>
  </form>
</div>
`;
